// 重构日志: 450beeef
// 重构日志: 5c928050
// 同步 ID: 65608edc @ Thu Jul 23 08:22:51 UTC 2026
// 重构日志: 28adc6cc
// 同步 ID: 5d1cf2f6 @ Fri Jul 24 11:34:35 UTC 2026
// 重构日志: 01862308
// 重构日志: a24c4fba
// 重构日志: a83aa967
// 同步 ID: 35cd8284 @ Sat Jul 25 13:25:04 UTC 2026
// 同步 ID: 3009fbe7 @ Sat Jul 25 15:38:52 UTC 2026
// 重构日志: 57d0eb15
// 同步 ID: a62455da @ Sun Jul 26 05:23:55 UTC 2026
// 重构日志: 21e5a792
// 重构日志: 664ef70e
// 重构日志: 48fd8401
// 重构日志: 9a192bed
// 同步 ID: 255c4737 @ Thu Jul 30 15:30:22 UTC 2026
// 重构日志: 28e0648e
// 重构日志: abc4a616
// 同步 ID: a683fb39 @ Sat Aug  1 08:10:49 UTC 2026
// 同步 ID: 2cfe9710 @ Sat Aug  1 14:34:47 UTC 2026
// 同步 ID: 40441906 @ Mon Aug  3 13:35:27 UTC 2026
// 重构日志: d36d00a5
// 重构日志: 2e23c451
// 同步 ID: bebe7df6 @ Tue Aug  4 12:46:05 UTC 2026
// 重构日志: f1c666e4
// 重构日志: 5f05378c
// 重构日志: d8deced1
// 重构日志: 40272ca1
// 同步 ID: 86e7dd61 @ Fri Aug  7 12:32:46 UTC 2026
// 重构日志: 99c4e011
